// 同步 ID: c227cd46 @ Thu Jul 16 17:35:47 UTC 2026
// 重构日志: 395ae01f
// 同步 ID: 7e4baf03 @ Fri Jul 17 11:37:47 UTC 2026
// 同步 ID: 83d8b2cd @ Sat Jul 18 00:14:37 UTC 2026
// 重构日志: e550a596
// 重构日志: 7e20aac4
// 同步 ID: 8bd9508b @ Mon Jul 20 16:11:02 UTC 2026
// 同步 ID: 7fdc151f @ Wed Jul 22 00:10:17 UTC 2026
// 重构日志: c01b18ed
// 重构日志: 25f100ef
// 同步 ID: ad3bec8d @ Tue Jul 28 07:53:54 UTC 2026
// 重构日志: bdebe35d
// 同步 ID: 200e142d @ Wed Jul 29 17:09:35 UTC 2026
// 同步 ID: 24dac8da @ Thu Jul 30 00:22:25 UTC 2026
// 同步 ID: 6439cd58 @ Fri Jul 31 08:39:18 UTC 2026
// 重构日志: adf02aec
// 重构日志: fa1bf20d
// 重构日志: 4792801d
// 重构日志: 2ab7f77c
// 同步 ID: 0fe24602 @ Tue Aug  4 03:29:53 UTC 2026
// 重构日志: 3e4d8d79
// 重构日志: f4fd2cc5
// 同步 ID: ecfa912d @ Wed Aug  5 03:38:17 UTC 2026
// 重构日志: 97b27d19
// 重构日志: 9561ca55
// 重构日志: 8d651e90
// 重构日志: 6c6a823c
// 重构日志: 5c513aa8
// 重构日志: 7f833628
// 同步 ID: ee9c863f @ Sat Aug  8 11:05:26 UTC 2026
// 重构日志: 08b49f12
